// Jest Snapshot v1, https://goo.gl/fbAQLP

exports[`<NavBar /> +++ renderer component 1`] = `
<nav
  className="navbar"
>
  <WithStyles(ForwardRef(List))>
    <WithStyles(ForwardRef(ListItem))>
      <NavLink
        className="makeStyles-link-1"
        to="/"
      >
        <WithStyles(ForwardRef(ListItemIcon))>
          <FormatListNumberedIcon />
        </WithStyles(ForwardRef(ListItemIcon))>
        <WithStyles(ForwardRef(ListItemText))
          primary="Заявки"
        />
      </NavLink>
    </WithStyles(ForwardRef(ListItem))>
    <WithStyles(ForwardRef(ListItem))>
      <NavLink
        className="makeStyles-link-1"
        to="/settings"
      >
        <WithStyles(ForwardRef(ListItemIcon))>
          <SettingsIcon />
        </WithStyles(ForwardRef(ListItemIcon))>
        <WithStyles(ForwardRef(ListItemText))
          primary="Настройки"
        />
      </NavLink>
    </WithStyles(ForwardRef(ListItem))>
  </WithStyles(ForwardRef(List))>
</nav>
`;
