// Jest Snapshot v1, https://goo.gl/fbAQLP

exports[`Tests EditStatuses component +++ renderer EditStatuses component 1`] = `
<WithStyles(ForwardRef(List))>
  <WithStyles(ForwardRef(ListItem))
    key="0"
  >
    <WithStyles(ForwardRef(Fab))
      className="makeStyles-icon-1"
      onClick={[Function]}
    >
      <EditIcon />
    </WithStyles(ForwardRef(Fab))>
    <WithStyles(ForwardRef(Fab))
      className="makeStyles-icon-1"
      onClick={[Function]}
    >
      <DeleteOutlineIcon />
    </WithStyles(ForwardRef(Fab))>
    <WithStyles(ForwardRef(ListItemText))
      primary="Статус-1"
    />
  </WithStyles(ForwardRef(ListItem))>
  <WithStyles(ForwardRef(ListItem))
    key="1"
  >
    <WithStyles(ForwardRef(Fab))
      className="makeStyles-icon-1"
      onClick={[Function]}
    >
      <EditIcon />
    </WithStyles(ForwardRef(Fab))>
    <WithStyles(ForwardRef(Fab))
      className="makeStyles-icon-1"
      onClick={[Function]}
    >
      <DeleteOutlineIcon />
    </WithStyles(ForwardRef(Fab))>
    <WithStyles(ForwardRef(ListItemText))
      primary="Статус-2"
    />
  </WithStyles(ForwardRef(ListItem))>
  <WithStyles(ForwardRef(ListItem))
    key="2"
  >
    <WithStyles(ForwardRef(Fab))
      className="makeStyles-icon-1"
      onClick={[Function]}
    >
      <EditIcon />
    </WithStyles(ForwardRef(Fab))>
    <WithStyles(ForwardRef(Fab))
      className="makeStyles-icon-1"
      onClick={[Function]}
    >
      <DeleteOutlineIcon />
    </WithStyles(ForwardRef(Fab))>
    <WithStyles(ForwardRef(ListItemText))
      primary="Статус-4"
    />
  </WithStyles(ForwardRef(ListItem))>
  <WithStyles(ForwardRef(ListItem))
    key="3"
  >
    <WithStyles(ForwardRef(Fab))
      className="makeStyles-icon-1"
      onClick={[Function]}
    >
      <EditIcon />
    </WithStyles(ForwardRef(Fab))>
    <WithStyles(ForwardRef(Fab))
      className="makeStyles-icon-1"
      onClick={[Function]}
    >
      <DeleteOutlineIcon />
    </WithStyles(ForwardRef(Fab))>
    <WithStyles(ForwardRef(ListItemText))
      primary="Статус-5"
    />
  </WithStyles(ForwardRef(ListItem))>
  <WithStyles(ForwardRef(ListItem))>
    <WithStyles(ForwardRef(Fab))
      className="makeStyles-icon-1"
      onClick={[Function]}
    >
      <AddIcon />
    </WithStyles(ForwardRef(Fab))>
    <WithStyles(ForwardRef(ListItemText))
      primary="Добавить поле"
    />
  </WithStyles(ForwardRef(ListItem))>
</WithStyles(ForwardRef(List))>
`;

exports[`Tests EditStatuses component +++ simulation of a click event on the status add button 1`] = `
<WithStyles(ForwardRef(List))>
  <WithStyles(ForwardRef(ListItem))
    key="0"
  >
    <WithStyles(ForwardRef(Fab))
      className="makeStyles-icon-1"
      onClick={[Function]}
    >
      <EditIcon />
    </WithStyles(ForwardRef(Fab))>
    <WithStyles(ForwardRef(Fab))
      className="makeStyles-icon-1"
      onClick={[Function]}
    >
      <DeleteOutlineIcon />
    </WithStyles(ForwardRef(Fab))>
    <WithStyles(ForwardRef(ListItemText))
      primary="Статус-1"
    />
  </WithStyles(ForwardRef(ListItem))>
  <WithStyles(ForwardRef(ListItem))
    key="1"
  >
    <WithStyles(ForwardRef(Fab))
      className="makeStyles-icon-1"
      onClick={[Function]}
    >
      <EditIcon />
    </WithStyles(ForwardRef(Fab))>
    <WithStyles(ForwardRef(Fab))
      className="makeStyles-icon-1"
      onClick={[Function]}
    >
      <DeleteOutlineIcon />
    </WithStyles(ForwardRef(Fab))>
    <WithStyles(ForwardRef(ListItemText))
      primary="Статус-2"
    />
  </WithStyles(ForwardRef(ListItem))>
  <WithStyles(ForwardRef(ListItem))
    key="2"
  >
    <WithStyles(ForwardRef(Fab))
      className="makeStyles-icon-1"
      onClick={[Function]}
    >
      <EditIcon />
    </WithStyles(ForwardRef(Fab))>
    <WithStyles(ForwardRef(Fab))
      className="makeStyles-icon-1"
      onClick={[Function]}
    >
      <DeleteOutlineIcon />
    </WithStyles(ForwardRef(Fab))>
    <WithStyles(ForwardRef(ListItemText))
      primary="Статус-4"
    />
  </WithStyles(ForwardRef(ListItem))>
  <WithStyles(ForwardRef(ListItem))
    key="3"
  >
    <WithStyles(ForwardRef(Fab))
      className="makeStyles-icon-1"
      onClick={[Function]}
    >
      <EditIcon />
    </WithStyles(ForwardRef(Fab))>
    <WithStyles(ForwardRef(Fab))
      className="makeStyles-icon-1"
      onClick={[Function]}
    >
      <DeleteOutlineIcon />
    </WithStyles(ForwardRef(Fab))>
    <WithStyles(ForwardRef(ListItemText))
      primary="Статус-5"
    />
  </WithStyles(ForwardRef(ListItem))>
  <WithStyles(ForwardRef(ListItem))>
    <WithStyles(ForwardRef(Fab))
      className="makeStyles-icon-1"
      onClick={[Function]}
    >
      <CheckIcon />
    </WithStyles(ForwardRef(Fab))>
    <WithStyles(ForwardRef(Fab))
      className="makeStyles-icon-1"
      onClick={[Function]}
    >
      <ClearIcon />
    </WithStyles(ForwardRef(Fab))>
    <WithStyles(ForwardRef(TextField))
      onChange={[Function]}
      placeholder="Введите имя поля"
      value=""
    />
  </WithStyles(ForwardRef(ListItem))>
</WithStyles(ForwardRef(List))>
`;

exports[`Tests EditStatuses component +++ simulation of a click event on the status clear button 1`] = `
<WithStyles(ForwardRef(List))>
  <WithStyles(ForwardRef(ListItem))
    key="0"
  >
    <WithStyles(ForwardRef(Fab))
      className="makeStyles-icon-1"
      onClick={[Function]}
    >
      <CheckIcon />
    </WithStyles(ForwardRef(Fab))>
    <WithStyles(ForwardRef(Fab))
      className="makeStyles-icon-1"
      onClick={[Function]}
    >
      <ClearIcon />
    </WithStyles(ForwardRef(Fab))>
    <WithStyles(ForwardRef(TextField))
      onChange={[Function]}
      placeholder="Введите новое имя"
      value="Статус-1"
    />
  </WithStyles(ForwardRef(ListItem))>
  <WithStyles(ForwardRef(ListItem))
    disabled={true}
    key="1"
  >
    <WithStyles(ForwardRef(Fab))
      className="makeStyles-icon-1"
    >
      <EditIcon />
    </WithStyles(ForwardRef(Fab))>
    <WithStyles(ForwardRef(Fab))
      className="makeStyles-icon-1"
    >
      <DeleteOutlineIcon />
    </WithStyles(ForwardRef(Fab))>
    <WithStyles(ForwardRef(ListItemText))
      primary="Статус-2"
    />
  </WithStyles(ForwardRef(ListItem))>
  <WithStyles(ForwardRef(ListItem))
    disabled={true}
    key="2"
  >
    <WithStyles(ForwardRef(Fab))
      className="makeStyles-icon-1"
    >
      <EditIcon />
    </WithStyles(ForwardRef(Fab))>
    <WithStyles(ForwardRef(Fab))
      className="makeStyles-icon-1"
    >
      <DeleteOutlineIcon />
    </WithStyles(ForwardRef(Fab))>
    <WithStyles(ForwardRef(ListItemText))
      primary="Статус-4"
    />
  </WithStyles(ForwardRef(ListItem))>
  <WithStyles(ForwardRef(ListItem))
    disabled={true}
    key="3"
  >
    <WithStyles(ForwardRef(Fab))
      className="makeStyles-icon-1"
    >
      <EditIcon />
    </WithStyles(ForwardRef(Fab))>
    <WithStyles(ForwardRef(Fab))
      className="makeStyles-icon-1"
    >
      <DeleteOutlineIcon />
    </WithStyles(ForwardRef(Fab))>
    <WithStyles(ForwardRef(ListItemText))
      primary="Статус-5"
    />
  </WithStyles(ForwardRef(ListItem))>
  <WithStyles(ForwardRef(ListItem))>
    <WithStyles(ForwardRef(Fab))
      className="makeStyles-icon-1"
      onClick={[Function]}
    >
      <AddIcon />
    </WithStyles(ForwardRef(Fab))>
    <WithStyles(ForwardRef(ListItemText))
      primary="Добавить поле"
    />
  </WithStyles(ForwardRef(ListItem))>
</WithStyles(ForwardRef(List))>
`;

exports[`Tests EditStatuses component +++ simulation of a click event on the status clear button 2`] = `
<WithStyles(ForwardRef(List))>
  <WithStyles(ForwardRef(ListItem))
    key="0"
  >
    <WithStyles(ForwardRef(Fab))
      className="makeStyles-icon-1"
      onClick={[Function]}
    >
      <EditIcon />
    </WithStyles(ForwardRef(Fab))>
    <WithStyles(ForwardRef(Fab))
      className="makeStyles-icon-1"
      onClick={[Function]}
    >
      <DeleteOutlineIcon />
    </WithStyles(ForwardRef(Fab))>
    <WithStyles(ForwardRef(ListItemText))
      primary="Статус-1"
    />
  </WithStyles(ForwardRef(ListItem))>
  <WithStyles(ForwardRef(ListItem))
    key="1"
  >
    <WithStyles(ForwardRef(Fab))
      className="makeStyles-icon-1"
      onClick={[Function]}
    >
      <EditIcon />
    </WithStyles(ForwardRef(Fab))>
    <WithStyles(ForwardRef(Fab))
      className="makeStyles-icon-1"
      onClick={[Function]}
    >
      <DeleteOutlineIcon />
    </WithStyles(ForwardRef(Fab))>
    <WithStyles(ForwardRef(ListItemText))
      primary="Статус-2"
    />
  </WithStyles(ForwardRef(ListItem))>
  <WithStyles(ForwardRef(ListItem))
    key="2"
  >
    <WithStyles(ForwardRef(Fab))
      className="makeStyles-icon-1"
      onClick={[Function]}
    >
      <EditIcon />
    </WithStyles(ForwardRef(Fab))>
    <WithStyles(ForwardRef(Fab))
      className="makeStyles-icon-1"
      onClick={[Function]}
    >
      <DeleteOutlineIcon />
    </WithStyles(ForwardRef(Fab))>
    <WithStyles(ForwardRef(ListItemText))
      primary="Статус-4"
    />
  </WithStyles(ForwardRef(ListItem))>
  <WithStyles(ForwardRef(ListItem))
    key="3"
  >
    <WithStyles(ForwardRef(Fab))
      className="makeStyles-icon-1"
      onClick={[Function]}
    >
      <EditIcon />
    </WithStyles(ForwardRef(Fab))>
    <WithStyles(ForwardRef(Fab))
      className="makeStyles-icon-1"
      onClick={[Function]}
    >
      <DeleteOutlineIcon />
    </WithStyles(ForwardRef(Fab))>
    <WithStyles(ForwardRef(ListItemText))
      primary="Статус-5"
    />
  </WithStyles(ForwardRef(ListItem))>
  <WithStyles(ForwardRef(ListItem))>
    <WithStyles(ForwardRef(Fab))
      className="makeStyles-icon-1"
      onClick={[Function]}
    >
      <AddIcon />
    </WithStyles(ForwardRef(Fab))>
    <WithStyles(ForwardRef(ListItemText))
      primary="Добавить поле"
    />
  </WithStyles(ForwardRef(ListItem))>
</WithStyles(ForwardRef(List))>
`;

exports[`Tests EditStatuses component +++ simulation of a click event on the status delete button 1`] = `
<WithStyles(ForwardRef(List))>
  <WithStyles(ForwardRef(ListItem))
    key="0"
  >
    <WithStyles(ForwardRef(Fab))
      className="makeStyles-icon-1"
      onClick={[Function]}
    >
      <CheckIcon />
    </WithStyles(ForwardRef(Fab))>
    <WithStyles(ForwardRef(Fab))
      className="makeStyles-icon-1"
      onClick={[Function]}
    >
      <ClearIcon />
    </WithStyles(ForwardRef(Fab))>
    <WithStyles(ForwardRef(ListItemText))
      primary="Вы уверены, что хотите удалить это поле безвозвратно?"
    />
  </WithStyles(ForwardRef(ListItem))>
  <WithStyles(ForwardRef(ListItem))
    disabled={true}
    key="1"
  >
    <WithStyles(ForwardRef(Fab))
      className="makeStyles-icon-1"
    >
      <EditIcon />
    </WithStyles(ForwardRef(Fab))>
    <WithStyles(ForwardRef(Fab))
      className="makeStyles-icon-1"
    >
      <DeleteOutlineIcon />
    </WithStyles(ForwardRef(Fab))>
    <WithStyles(ForwardRef(ListItemText))
      primary="Статус-2"
    />
  </WithStyles(ForwardRef(ListItem))>
  <WithStyles(ForwardRef(ListItem))
    disabled={true}
    key="2"
  >
    <WithStyles(ForwardRef(Fab))
      className="makeStyles-icon-1"
    >
      <EditIcon />
    </WithStyles(ForwardRef(Fab))>
    <WithStyles(ForwardRef(Fab))
      className="makeStyles-icon-1"
    >
      <DeleteOutlineIcon />
    </WithStyles(ForwardRef(Fab))>
    <WithStyles(ForwardRef(ListItemText))
      primary="Статус-4"
    />
  </WithStyles(ForwardRef(ListItem))>
  <WithStyles(ForwardRef(ListItem))
    disabled={true}
    key="3"
  >
    <WithStyles(ForwardRef(Fab))
      className="makeStyles-icon-1"
    >
      <EditIcon />
    </WithStyles(ForwardRef(Fab))>
    <WithStyles(ForwardRef(Fab))
      className="makeStyles-icon-1"
    >
      <DeleteOutlineIcon />
    </WithStyles(ForwardRef(Fab))>
    <WithStyles(ForwardRef(ListItemText))
      primary="Статус-5"
    />
  </WithStyles(ForwardRef(ListItem))>
  <WithStyles(ForwardRef(ListItem))>
    <WithStyles(ForwardRef(Fab))
      className="makeStyles-icon-1"
      onClick={[Function]}
    >
      <AddIcon />
    </WithStyles(ForwardRef(Fab))>
    <WithStyles(ForwardRef(ListItemText))
      primary="Добавить поле"
    />
  </WithStyles(ForwardRef(ListItem))>
</WithStyles(ForwardRef(List))>
`;

exports[`Tests EditStatuses component +++ simulation of a click event on the status editing button 1`] = `
<WithStyles(ForwardRef(List))>
  <WithStyles(ForwardRef(ListItem))
    key="0"
  >
    <WithStyles(ForwardRef(Fab))
      className="makeStyles-icon-1"
      onClick={[Function]}
    >
      <CheckIcon />
    </WithStyles(ForwardRef(Fab))>
    <WithStyles(ForwardRef(Fab))
      className="makeStyles-icon-1"
      onClick={[Function]}
    >
      <ClearIcon />
    </WithStyles(ForwardRef(Fab))>
    <WithStyles(ForwardRef(TextField))
      onChange={[Function]}
      placeholder="Введите новое имя"
      value="Статус-1"
    />
  </WithStyles(ForwardRef(ListItem))>
  <WithStyles(ForwardRef(ListItem))
    disabled={true}
    key="1"
  >
    <WithStyles(ForwardRef(Fab))
      className="makeStyles-icon-1"
    >
      <EditIcon />
    </WithStyles(ForwardRef(Fab))>
    <WithStyles(ForwardRef(Fab))
      className="makeStyles-icon-1"
    >
      <DeleteOutlineIcon />
    </WithStyles(ForwardRef(Fab))>
    <WithStyles(ForwardRef(ListItemText))
      primary="Статус-2"
    />
  </WithStyles(ForwardRef(ListItem))>
  <WithStyles(ForwardRef(ListItem))
    disabled={true}
    key="2"
  >
    <WithStyles(ForwardRef(Fab))
      className="makeStyles-icon-1"
    >
      <EditIcon />
    </WithStyles(ForwardRef(Fab))>
    <WithStyles(ForwardRef(Fab))
      className="makeStyles-icon-1"
    >
      <DeleteOutlineIcon />
    </WithStyles(ForwardRef(Fab))>
    <WithStyles(ForwardRef(ListItemText))
      primary="Статус-4"
    />
  </WithStyles(ForwardRef(ListItem))>
  <WithStyles(ForwardRef(ListItem))
    disabled={true}
    key="3"
  >
    <WithStyles(ForwardRef(Fab))
      className="makeStyles-icon-1"
    >
      <EditIcon />
    </WithStyles(ForwardRef(Fab))>
    <WithStyles(ForwardRef(Fab))
      className="makeStyles-icon-1"
    >
      <DeleteOutlineIcon />
    </WithStyles(ForwardRef(Fab))>
    <WithStyles(ForwardRef(ListItemText))
      primary="Статус-5"
    />
  </WithStyles(ForwardRef(ListItem))>
  <WithStyles(ForwardRef(ListItem))>
    <WithStyles(ForwardRef(Fab))
      className="makeStyles-icon-1"
      onClick={[Function]}
    >
      <AddIcon />
    </WithStyles(ForwardRef(Fab))>
    <WithStyles(ForwardRef(ListItemText))
      primary="Добавить поле"
    />
  </WithStyles(ForwardRef(ListItem))>
</WithStyles(ForwardRef(List))>
`;

exports[`Tests EditStatuses component +++ simulation of adding name a new status 1`] = `
<WithStyles(ForwardRef(List))>
  <WithStyles(ForwardRef(ListItem))
    key="0"
  >
    <WithStyles(ForwardRef(Fab))
      className="makeStyles-icon-1"
      onClick={[Function]}
    >
      <EditIcon />
    </WithStyles(ForwardRef(Fab))>
    <WithStyles(ForwardRef(Fab))
      className="makeStyles-icon-1"
      onClick={[Function]}
    >
      <DeleteOutlineIcon />
    </WithStyles(ForwardRef(Fab))>
    <WithStyles(ForwardRef(ListItemText))
      primary="Статус-1"
    />
  </WithStyles(ForwardRef(ListItem))>
  <WithStyles(ForwardRef(ListItem))
    key="1"
  >
    <WithStyles(ForwardRef(Fab))
      className="makeStyles-icon-1"
      onClick={[Function]}
    >
      <EditIcon />
    </WithStyles(ForwardRef(Fab))>
    <WithStyles(ForwardRef(Fab))
      className="makeStyles-icon-1"
      onClick={[Function]}
    >
      <DeleteOutlineIcon />
    </WithStyles(ForwardRef(Fab))>
    <WithStyles(ForwardRef(ListItemText))
      primary="Статус-2"
    />
  </WithStyles(ForwardRef(ListItem))>
  <WithStyles(ForwardRef(ListItem))
    key="2"
  >
    <WithStyles(ForwardRef(Fab))
      className="makeStyles-icon-1"
      onClick={[Function]}
    >
      <EditIcon />
    </WithStyles(ForwardRef(Fab))>
    <WithStyles(ForwardRef(Fab))
      className="makeStyles-icon-1"
      onClick={[Function]}
    >
      <DeleteOutlineIcon />
    </WithStyles(ForwardRef(Fab))>
    <WithStyles(ForwardRef(ListItemText))
      primary="Статус-4"
    />
  </WithStyles(ForwardRef(ListItem))>
  <WithStyles(ForwardRef(ListItem))
    key="3"
  >
    <WithStyles(ForwardRef(Fab))
      className="makeStyles-icon-1"
      onClick={[Function]}
    >
      <EditIcon />
    </WithStyles(ForwardRef(Fab))>
    <WithStyles(ForwardRef(Fab))
      className="makeStyles-icon-1"
      onClick={[Function]}
    >
      <DeleteOutlineIcon />
    </WithStyles(ForwardRef(Fab))>
    <WithStyles(ForwardRef(ListItemText))
      primary="Статус-5"
    />
  </WithStyles(ForwardRef(ListItem))>
  <WithStyles(ForwardRef(ListItem))>
    <WithStyles(ForwardRef(Fab))
      className="makeStyles-icon-1"
      onClick={[Function]}
    >
      <CheckIcon />
    </WithStyles(ForwardRef(Fab))>
    <WithStyles(ForwardRef(Fab))
      className="makeStyles-icon-1"
      onClick={[Function]}
    >
      <ClearIcon />
    </WithStyles(ForwardRef(Fab))>
    <WithStyles(ForwardRef(TextField))
      onChange={[Function]}
      placeholder="Введите имя поля"
      value="Some status name"
    />
  </WithStyles(ForwardRef(ListItem))>
</WithStyles(ForwardRef(List))>
`;

exports[`Tests EditStatuses component +++ simulation of status name change 1`] = `
<WithStyles(ForwardRef(List))>
  <WithStyles(ForwardRef(ListItem))
    key="0"
  >
    <WithStyles(ForwardRef(Fab))
      className="makeStyles-icon-1"
      onClick={[Function]}
    >
      <EditIcon />
    </WithStyles(ForwardRef(Fab))>
    <WithStyles(ForwardRef(Fab))
      className="makeStyles-icon-1"
      onClick={[Function]}
    >
      <DeleteOutlineIcon />
    </WithStyles(ForwardRef(Fab))>
    <WithStyles(ForwardRef(ListItemText))
      primary="Статус-1"
    />
  </WithStyles(ForwardRef(ListItem))>
  <WithStyles(ForwardRef(ListItem))
    key="1"
  >
    <WithStyles(ForwardRef(Fab))
      className="makeStyles-icon-1"
      onClick={[Function]}
    >
      <EditIcon />
    </WithStyles(ForwardRef(Fab))>
    <WithStyles(ForwardRef(Fab))
      className="makeStyles-icon-1"
      onClick={[Function]}
    >
      <DeleteOutlineIcon />
    </WithStyles(ForwardRef(Fab))>
    <WithStyles(ForwardRef(ListItemText))
      primary="Статус-2"
    />
  </WithStyles(ForwardRef(ListItem))>
  <WithStyles(ForwardRef(ListItem))
    key="2"
  >
    <WithStyles(ForwardRef(Fab))
      className="makeStyles-icon-1"
      onClick={[Function]}
    >
      <EditIcon />
    </WithStyles(ForwardRef(Fab))>
    <WithStyles(ForwardRef(Fab))
      className="makeStyles-icon-1"
      onClick={[Function]}
    >
      <DeleteOutlineIcon />
    </WithStyles(ForwardRef(Fab))>
    <WithStyles(ForwardRef(ListItemText))
      primary="Статус-4"
    />
  </WithStyles(ForwardRef(ListItem))>
  <WithStyles(ForwardRef(ListItem))
    key="3"
  >
    <WithStyles(ForwardRef(Fab))
      className="makeStyles-icon-1"
      onClick={[Function]}
    >
      <EditIcon />
    </WithStyles(ForwardRef(Fab))>
    <WithStyles(ForwardRef(Fab))
      className="makeStyles-icon-1"
      onClick={[Function]}
    >
      <DeleteOutlineIcon />
    </WithStyles(ForwardRef(Fab))>
    <WithStyles(ForwardRef(ListItemText))
      primary="Статус-5"
    />
  </WithStyles(ForwardRef(ListItem))>
  <WithStyles(ForwardRef(ListItem))>
    <WithStyles(ForwardRef(Fab))
      className="makeStyles-icon-1"
      onClick={[Function]}
    >
      <CheckIcon />
    </WithStyles(ForwardRef(Fab))>
    <WithStyles(ForwardRef(Fab))
      className="makeStyles-icon-1"
      onClick={[Function]}
    >
      <ClearIcon />
    </WithStyles(ForwardRef(Fab))>
    <WithStyles(ForwardRef(TextField))
      onChange={[Function]}
      placeholder="Введите имя поля"
      value="Some status name"
    />
  </WithStyles(ForwardRef(ListItem))>
</WithStyles(ForwardRef(List))>
`;
