// Jest Snapshot v1, https://goo.gl/fbAQLP

exports[`Tests Settings component +++ renderer component 1`] = `
<Connect(Layout)>
  <div>
    <Styled(MuiBox)
      className="makeStyles-box-1"
    >
      <WithStyles(ForwardRef(Typography))
        className="makeStyles-title-3"
        noWrap={true}
        variant="h2"
      >
        Редактирование полей
      </WithStyles(ForwardRef(Typography))>
      <Connect(EditFields)
        fields={
          Array [
            Object {
              "__v": 0,
              "_id": "5dcac8a093dd3b05f8cb0adc",
              "name": "Мобильный телефон",
              "value": "",
            },
            Object {
              "__v": 0,
              "_id": "5df9f19e1607be20381256e8",
              "name": "Номер паспорта",
              "value": "",
            },
            Object {
              "__v": 0,
              "_id": "5dfa29e98ef6f51a186c395e",
              "name": "Домашний тел",
              "value": "",
            },
            Object {
              "__v": 0,
              "_id": "5e00b1bfa63229263405fd21",
              "name": "Паспорт",
              "value": "",
            },
          ]
        }
      />
    </Styled(MuiBox)>
    <Styled(MuiBox)>
      <WithStyles(ForwardRef(Typography))
        className="makeStyles-title-3"
        noWrap={true}
        variant="h2"
      >
        Редактирование статусов
      </WithStyles(ForwardRef(Typography))>
      <Connect(EditStatuses)
        statuses={
          Array [
            Object {
              "__v": 0,
              "_id": "5e28378cfa502c1edc0e7689",
              "name": "Статус-1",
            },
            Object {
              "__v": 0,
              "_id": "5e283799fa502c1edc0e768b",
              "name": "Статус-2",
            },
            Object {
              "__v": 0,
              "_id": "5e28379ffa502c1edc0e768c",
              "name": "Статус-4",
            },
            Object {
              "__v": 0,
              "_id": "5e2837a5fa502c1edc0e768d",
              "name": "Статус-5",
            },
          ]
        }
      />
    </Styled(MuiBox)>
  </div>
</Connect(Layout)>
`;
